// Jest Snapshot v1, https://goo.gl/fbAQLP

exports[`SectionHowItWorksHero matches snapshot 1`] = `
<div
  className=""
>
  <div>
    <h1>
      <span>
        SectionHowItWorksHero.title
      </span>
    </h1>
    <h2>
      <span>
        SectionHowItWorksHero.subTitle
      </span>
    </h2>
    <Link
      className=""
      style={Object {}}
      title={null}
      to={
        Object {
          "pathname": "/s",
          "search": "address=Netherlands&bounds=53.665238%2C7.230902%2C50.750667%2C3.1862592",
        }
      }
    >
      <LinkAnchor
        className=""
        href="/s?address=Netherlands&bounds=53.665238%2C7.230902%2C50.750667%2C3.1862592"
        navigate={[Function]}
        style={Object {}}
        title={null}
      >
        <a
          className=""
          href="/s?address=Netherlands&bounds=53.665238%2C7.230902%2C50.750667%2C3.1862592"
          onClick={[Function]}
          style={Object {}}
          title={null}
        >
          <span>
            SectionHowItWorksHero.browseButton
          </span>
        </a>
      </LinkAnchor>
    </Link>
  </div>
</div>
`;
